# test

```bash
[91]HELLO! BOOT0 is starting!
[94]BOOT0 commit : 4d16602
[96]set pll start
[98]fix vccio detect value:0xc0
[105]periph0 has been enabled
[109]set pll end
[110][pmu]: bus read error
[113]board init ok
[115]ZQ value = 0x2f
[117]get_pmu_exist() = -1
[119]ddr_efuse_type: 0xa
[122]trefi:7.8ms
[124][AUTO DEBUG] single rank and full DQ!
[129]ddr_efuse_type: 0xa
[131]trefi:7.8ms
[133][AUTO DEBUG] rank 0 row = 13
[137][AUTO DEBUG] rank 0 bank = 8
[140][AUTO DEBUG] rank 0 page size = 2 KB
[144]DRAM BOOT DRIVE INFO: V0.33
[147]DRAM CLK = 792 MHz
[149]DRAM Type = 3 (2:DDR2,3:DDR3)
[153]DRAMC read ODT  off.
[155]DRAM ODT value: 0x42.
[158]ddr_efuse_type: 0xa
[161]DRAM SIZE =128 M
[163]dram_tpr4:0x0
[165]PLL_DDR_CTRL_REG:0xf8004100
[168]DRAM_CLK_REG:0xc0000000
[171][TIMING DEBUG] MR2= 0x18
[178]DRAM simple test OK.
[181]rtc standby flag is 0x0, super standby flag is 0x0
[186]dram size =128
[189]card no is 0
[190]sdcard 0 line count 4
[193][mmc]: mmc driver ver 2021-05-21 14:47
[202][mmc]: Wrong media type 0x0
[205][mmc]: ***Try SD card 0***
[215][mmc]: HSSDR52/SDR25 4 bit
[218][mmc]: 50000000 Hz
[220][mmc]: 30240 MB
[222][mmc]: ***SD/MMC 0 init OK!!!***
[315]Loading boot-pkg Succeed(index=0).
[319]Entry_name        = u-boot
[326]Entry_name        = optee
[330]Entry_name        = dtb
[333]mmc not para
[334]Jump to second Boot.
M/TC: OP-TEE version: 6aef7bb2-dirty (gcc version 5.3.1 20160412 (Linaro GCC 5.3-2016.05)) #1 Fri Jul 23 09:25:11 UTC 2021 arm

U-Boot 2018.05 (May 11 2022 - 03:55:51 +0000) Allwinner Technology

[00.390]CPU:   Allwinner Family
[00.393]Model: sun8iw20
[00.395]DRAM:  128 MiB
[00.398]Relocation Offset is: 04ec5000
[00.425]secure enable bit: 0
[00.427]smc_tee_inform_fdt failed with: -65526[00.431]CPU=1008 MHz,PLL6=600 Mhz,AHB=200 Mhz, APB1=100Mhz  MBus=300Mhz
[00.437]gic: sec monitor mode
[00.440]flash init start
[00.442]workmode = 0,storage type = 1
[00.446][mmc]: mmc driver ver uboot2018:2021-09-07 19:43:00
[00.451][mmc]: get sdc_type fail and use default host:tm1.
[00.457][mmc]: can't find node "mmc0",will add new node
[00.462][mmc]: fdt err returned <no error>
[00.466][mmc]: Using default timing para
[00.469][mmc]: SUNXI SDMMC Controller Version:0x50310
[00.487][mmc]: card_caps:0x3000000a
[00.490][mmc]: host_caps:0x3000003f
[00.494]sunxi flash init ok
[00.497]line:703 init_clocks
[00.500]drv_disp_init
request pwm success, pwm7:pwm7:0x2000c00.
fdt get node offset faill: hdmi
[00.516]unable to map hdmi registers
[00.519]drv_disp_init finish
[00.521]boot_gui_init:start
[00.524]set disp.dev2_output_type fail. using defval=0
[00.530]boot_gui_init:finish
partno erro : can't find partition bootloader
54 bytes read in 1 ms (52.7 KiB/s)
[00.554]bmp_name=bootlogo.bmp size 337656
337656 bytes read in 17 ms (18.9 MiB/s)
[00.592]Loading Environment from SUNXI_FLASH... OK
[00.614]Item0 (Map) magic is bad
[00.616]the secure storage item0 copy0 magic is bad
[00.622]Item0 (Map) magic is bad
[00.624]the secure storage item0 copy1 magic is bad
[00.629]Item0 (Map) magic is bad
secure storage read widevine fail
[00.635]secure storage read widevine fail with:-1
secure storage read ec_key fail
[00.642]secure storage read ec_key fail with:-1
secure storage read ec_cert1 fail
[00.649]secure storage read ec_cert1 fail with:-1
secure storage read ec_cert2 fail
[00.657]secure storage read ec_cert2 fail with:-1
secure storage read ec_cert3 fail
[00.664]secure storage read ec_cert3 fail with:-1
secure storage read rsa_key fail
[00.672]secure storage read rsa_key fail with:-1
secure storage read rsa_cert1 fail
[00.679]secure storage read rsa_cert1 fail with:-1
secure storage read rsa_cert2 fail
[00.687]secure storage read rsa_cert2 fail with:-1
secure storage read rsa_cert3 fail
[00.694]secure storage read rsa_cert3 fail with:-1
[00.699]out of usb burn from boot: not need burn key
cann't get the boot_base from the env
partno erro : c[00.711]LCD open finish
an't find partition private
root_partition is rootfs
set root to /dev/mmcblk0p5
[00.722]update part info
[00.726]update bootcmd
[00.730]change working_fdt 0x44884e70 to 0x44864e70
[00.747]update dts
Hit any key to stop autoboot:  0
card0 has inited
curr_device:0
Device: SUNXI SD/MMC
Manufacturer ID: 41
OEM: 3432
Name: SD16G
Bus Speed: 50000000
Mode : SD High Speed (50MHz)
Rd Block Len: 512
SD version 3.0
High Capacity: Yes
Capacity: 29.5 GiB
Bus Width: 4-bit
Erase Group Size: 512 Bytes

Partition Map for MMC device 0  --   Partition Type: EFI

Part    Start LBA       End LBA         Name
        Attributes
        Type GUID
        Partition GUID
  1     0x00008a00      0x00008dff      "boot-resource"
        attrs:  0x0000000000000000
        type:   0fc63daf-8483-4772-8e79-3d69d8477de4
        guid:   15852522-d9ba-420c-af03-a2abe733748c
  2     0x00008e00      0x00008eff      "env"
        attrs:  0x0000000000000000
        type:   0fc63daf-8483-4772-8e79-3d69d8477de4
        guid:   30a20c00-fcad-41dc-9006-b7dd71dc0cf3
  3     0x00008f00      0x00008fff      "env-redund"
        attrs:  0x0000000000000000
        type:   0fc63daf-8483-4772-8e79-3d69d8477de4
        guid:   bf8d7643-8f57-4031-b300-5d900c253424
  4     0x00009000      0x00018fff      "boot"
        attrs:  0x0000000000000004
        type:   0fc63daf-8483-4772-8e79-3d69d8477de4
        guid:   2b84973d-d3cf-46f8-8255-b8dbfd08a9c2
  5     0x00019000      0x00098fff      "rootfs"
        attrs:  0x0000000000000000
        type:   0fc63daf-8483-4772-8e79-3d69d8477de4
        guid:   2096a295-7faa-43a3-8d0f-5a8839e9bb03
5152768 bytes read in 219 ms (22.4 MiB/s)
[03.086]no vendor_boot partition is found
Android's image name: sun8iw20p1
[03.098]Starting kernel ...

[03.101][mmc]: MMC Device 2 not found
[03.104][mmc]: mmc 2 not find, so not exit
[    0.000000] Booting Linux on physical CPU 0x0
[    0.000000] Linux version 5.4.61 (xzy@DESKTOP-UD44KV0) (arm-linux-gnueabi-gcc (Linaro GCC 7.2-2017.11) 7.2.1 20171011, GNU ld (Linaro_Binutils-2017.11) 2.28.2.20170706) #4 SMP PREEMPT Tue May 24 13:43:38 CST 2022
[    0.000000] CPU: ARMv7 Processor [410fc075] revision 5 (ARMv7), cr=10c5387d
[    0.000000] CPU: div instructions available: patching division code
[    0.000000] CPU: PIPT / VIPT nonaliasing data cache, VIPT aliasing instruction cache
[    0.000000] OF: fdt: Machine model: sun8iw20
[    0.000000] printk: bootconsole [earlycon0] enabled
[    0.000000] Memory policy: Data cache writealloc
[    0.000000] cma: Reserved 8 MiB at 0x47800000
[    0.000000] On node 0 totalpages: 32512
[    0.000000]   Normal zone: 256 pages used for memmap
[    0.000000]   Normal zone: 0 pages reserved
[    0.000000]   Normal zone: 32512 pages, LIFO batch:7
[    0.000000] psci: probing for conduit method from DT.
[    0.000000] psci: PSCIv1.0 detected in firmware.
[    0.000000] psci: Using standard PSCI v0.2 function IDs
[    0.000000] psci: MIGRATE_INFO_TYPE not supported.
[    0.000000] psci: SMC Calling Convention v1.0
[    0.000000] percpu: Embedded 15 pages/cpu s30796 r8192 d22452 u61440
[    0.000000] pcpu-alloc: s30796 r8192 d22452 u61440 alloc=15*4096
[    0.000000] pcpu-alloc: [0] 0 [0] 1
[    0.000000] Built 1 zonelists, mobility grouping on.  Total pages: 32256
[    0.000000] Kernel command line: earlyprintk=sunxi-uart,0x02500000 clk_ignore_unused initcall_debug=0 console=ttyS0,115200 loglevel=8 root=/dev/mmcblk0p5  init=/sbin/init partitions=ext4 cma=8M  gpt=1 androidboot.hardware=sun8iw20p1 boot_type=1 androidboot.boot_type=1 gpt=1 uboot_message=2018.05(05/11/2022-03:55:51) disp_reserve=522240,0x448ed000 androidboot.dramsize=128
[    0.000000] Dentry cache hash table entries: 16384 (order: 4, 65536 bytes, linear)
[    0.000000] Inode-cache hash table entries: 8192 (order: 3, 32768 bytes, linear)
[    0.000000] mem auto-init: stack:off, heap alloc:off, heap free:off
[    0.000000] Memory: 106952K/130048K available (7168K kernel code, 352K rwdata, 2448K rodata, 1024K init, 178K bss, 14904K reserved, 8192K cma-reserved)
[    0.000000] SLUB: HWalign=64, Order=0-3, MinObjects=0, CPUs=2, Nodes=1
[    0.000000] rcu: Preemptible hierarchical RCU implementation.
[    0.000000]  Tasks RCU enabled.
[    0.000000] rcu: RCU calculated value of scheduler-enlistment delay is 10 jiffies.
[    0.000000] NR_IRQS: 16, nr_irqs: 16, preallocated irqs: 16
[    0.000000] random: get_random_bytes called from start_kernel+0x248/0x3d0 with crng_init=0
[    0.000000] arch_timer: cp15 timer(s) running at 24.00MHz (phys).
[    0.000000] clocksource: arch_sys_counter: mask: 0xffffffffffffff max_cycles: 0x588fe9dc0, max_idle_ns: 440795202592 ns
[    0.000006] sched_clock: 56 bits at 24MHz, resolution 41ns, wraps every 4398046511097ns
[    0.008008] Switching to timer-based delay loop, resolution 41ns
[    0.014193] clocksource: timer: mask: 0xffffffff max_cycles: 0xffffffff, max_idle_ns: 79635851949 ns
[    0.023945] Console: colour dummy device 80x30
[    0.028427] Calibrating delay loop (skipped), value calculated using timer frequency.. 48.00 BogoMIPS (lpj=240000)
[    0.038780] pid_max: default: 32768 minimum: 301
[    0.043529] Mount-cache hash table entries: 1024 (order: 0, 4096 bytes, linear)
[    0.050866] Mountpoint-cache hash table entries: 1024 (order: 0, 4096 bytes, linear)
[    0.059232] CPU: Testing write buffer coherency: ok
[    0.064478] /cpus/cpu@0 missing clock-frequency property
[    0.069823] /cpus/cpu@1 missing clock-frequency property
[    0.075167] CPU0: thread -1, cpu 0, socket 0, mpidr 80000000
[    0.081424] Setting up static identity map for 0x40100000 - 0x40100060
[    0.088124] rcu: Hierarchical SRCU implementation.
[    0.093401] smp: Bringing up secondary CPUs ...
[    0.099168] CPU1: thread -1, cpu 1, socket 0, mpidr 80000001
[    0.099321] smp: Brought up 1 node, 2 CPUs
[    0.109150] SMP: Total of 2 processors activated (96.00 BogoMIPS).
[    0.115337] CPU: All CPU(s) started in SVC mode.
[    0.120448] devtmpfs: initialized
[    0.135917] VFP support v0.3: implementor 41 architecture 2 part 30 variant 7 rev 5
[    0.144113] clocksource: jiffies: mask: 0xffffffff max_cycles: 0xffffffff, max_idle_ns: 19112604462750000 ns
[    0.153996] futex hash table entries: 512 (order: 3, 32768 bytes, linear)
[    0.161274] pinctrl core: initialized pinctrl subsystem
[    0.167905] NET: Registered protocol family 16
[    0.173958] DMA: preallocated 256 KiB pool for atomic coherent allocations
[    0.220374] rtc_ccu: sunxi ccu init OK
[    0.226628] ccu: sunxi ccu init OK
[    0.230579] r_ccu: sunxi ccu init OK
[    0.280553] iommu: Default domain type: Translated
[    0.285737] sunxi iommu: irq = 24
[    0.290855] SCSI subsystem initialized
[    0.294970] usbcore: registered new interface driver usbfs
[    0.301005] usbcore: registered new interface driver hub
[    0.306467] usbcore: registered new device driver usb
[    0.311705] mc: Linux media interface: v0.10
[    0.316084] videodev: Linux video capture interface: v2.00
[    0.322954] sunxi-msgbox-amp 3003000.msgbox: invalid resource
[    0.329784] Advanced Linux Sound Architecture Driver Initialized.
[    0.336657] Bluetooth: Core ver 2.22
[    0.340320] NET: Registered protocol family 31
[    0.344794] Bluetooth: HCI device and connection manager initialized
[    0.351310] Bluetooth: HCI socket layer initialized
[    0.356197] Bluetooth: L2CAP socket layer initialized
[    0.361292] Bluetooth: SCO socket layer initialized
[    0.366520] pwm module init!
[    0.371020] input: sunxi-keyboard as /devices/virtual/input/input0
[    0.378672] clocksource: Switched to clocksource arch_sys_counter
[    0.394087] sun8iw20-pinctrl pio: initialized sunXi PIO driver
[    0.413965] thermal_sys: Registered thermal governor 'user_space'
[    0.413973] thermal_sys: Registered thermal governor 'power_allocator'
[    0.420746] NET: Registered protocol family 2
[    0.432250] tcp_listen_portaddr_hash hash table entries: 512 (order: 0, 6144 bytes, linear)
[    0.440677] TCP established hash table entries: 1024 (order: 0, 4096 bytes, linear)
[    0.448369] TCP bind hash table entries: 1024 (order: 1, 8192 bytes, linear)
[    0.455453] TCP: Hash tables configured (established 1024 bind 1024)
[    0.461916] UDP hash table entries: 256 (order: 1, 8192 bytes, linear)
[    0.468495] UDP-Lite hash table entries: 256 (order: 1, 8192 bytes, linear)
[    0.475693] NET: Registered protocol family 1
[    0.482741] Initialise system trusted keyrings
[    0.487409] workingset: timestamp_bits=30 max_order=15 bucket_order=0
[    0.502844] squashfs: version 4.0 (2009/01/31) Phillip Lougher
[    0.544631] Key type asymmetric registered
[    0.548924] Asymmetric key parser 'x509' registered
[    0.553824] io scheduler mq-deadline registered
[    0.558366] io scheduler kyber registered
[    0.562487] atomic64_test: passed
[    0.567510] [DISP]disp_module_init
[    0.571638] disp 5000000.disp: Adding to iommu group 0
[    0.577401] [DISP] disp_init,line:2386:
[    0.577406] smooth display screen:0 type:1 mode:4
[    0.602477] do not get the node of hdmi
[    0.606668] display_fb_request,fb_id:0
[    0.615850] Freeing logo buffer memory: 512K
[    0.620779] disp_al_manager_apply ouput_type:1
[    0.625342] [DISP] lcd_clk_config,line:732:
[    0.625353] disp 0, clk: pll(144000000),clk(144000000),dclk(24000000) dsi_rate(144000000)
[    0.625353]      clk real:pll(288000000),clk(288000000),dclk(48000000) dsi_rate(0)
[    0.629287] [DISP]disp_module_init finish
[    0.629942] sun8iw20-pinctrl pio: pio supply vcc-pd not found, using dummy regulator
[    0.647286] sunxi_sid_init()551 - insmod ok
[    0.662099] pwm-regulator: supplied by regulator-dummy
[    0.668927] sun8iw20-pinctrl pio: pio supply vcc-pe not found, using dummy regulator
[    0.677019] uart uart0: get regulator failed
[    0.681429] uart uart0: uart0 supply uart not found, using dummy regulator
[    0.688694] uart0: ttyS0 at MMIO 0x2500000 (irq = 34, base_baud = 1500000) is a SUNXI
[    0.696543] sw_console_setup()1784 - console setup baud 115200 parity n bits 8, flow n
[    0.704622] printk: console [ttyS0] enabled
[    0.704622] printk: console [ttyS0] enabled
[    0.713505] printk: bootconsole [earlycon0] disabled
[    0.713505] printk: bootconsole [earlycon0] disabled
[    0.724762] sun8iw20-pinctrl pio: pio supply vcc-pg not found, using dummy regulator
[    0.733791] uart uart3: get regulator failed
[    0.738566] uart uart3: uart3 supply uart not found, using dummy regulator
[    0.746597] uart3: ttyS3 at MMIO 0x2500c00 (irq = 35, base_baud = 1500000) is a SUNXI
[    0.756453] misc dump reg init
[    0.762886] libphy: Fixed MDIO Bus: probed
[    0.767756] ehci_hcd: USB 2.0 'Enhanced' Host Controller (EHCI) Driver
[    0.775090] sunxi-ehci: EHCI SUNXI driver
[    0.779967] ohci_hcd: USB 1.1 'Open' Host Controller (OHCI) Driver
[    0.786884] sunxi-ohci: OHCI SUNXI driver
[    0.792035] usbcore: registered new interface driver uas
[    0.798044] usbcore: registered new interface driver usb-storage
[    0.804851] usbcore: registered new interface driver ums-alauda
[    0.811543] usbcore: registered new interface driver ums-cypress
[    0.818294] usbcore: registered new interface driver ums-datafab
[    0.825074] usbcore: registered new interface driver ums_eneub6250
[    0.832042] usbcore: registered new interface driver ums-freecom
[    0.838812] usbcore: registered new interface driver ums-isd200
[    0.845464] usbcore: registered new interface driver ums-jumpshot
[    0.852332] usbcore: registered new interface driver ums-karma
[    0.858922] usbcore: registered new interface driver ums-onetouch
[    0.865787] usbcore: registered new interface driver ums-realtek
[    0.872570] usbcore: registered new interface driver ums-sddr09
[    0.879254] usbcore: registered new interface driver ums-sddr55
[    0.885910] usbcore: registered new interface driver ums-usbat
[    0.892498] usbcore: registered new interface driver idmouse
[    0.899625] sunxi_gpadc_init,2137, success
[    0.904507] sunxi_gpadc_setup: get channel scan data failed
[    0.911052] input: sunxi-gpadc0 as /devices/virtual/input/input1
[    0.919001] sunxi-rtc 7090000.rtc: errata__fix_alarm_day_reg_default_value(): ALARM0_DAY_REG=0, set it to 1
[    0.931090] sunxi-rtc 7090000.rtc: registered as rtc0
[    0.936848] sunxi-rtc 7090000.rtc: setting system clock to 1970-01-01T00:00:04 UTC (4)
[    0.945744] sunxi-rtc 7090000.rtc: sunxi rtc probed
[    0.951686] i2c /dev entries driver
[    0.955713] IR NEC protocol handler initialized
[    0.961207] sun8iw20-pinctrl pio: pio supply vcc-pb not found, using dummy regulator
[    0.970144] sunxi_ir_startup: get ir protocol failed
[    0.970162] (NULL device *): deviceless supply  not found, using dummy regulator
[    0.984063] Registered IR keymap rc_map_sunxi
[    0.989088] rc rc0: sunxi-ir as /devices/platform/soc@3000000/7040000.s_cir/rc/rc0
[    0.997748] rc rc0: lirc_dev: driver sunxi-rc-recv registered at minor = 0, raw IR receiver, no transmitter
[    1.008869] input: sunxi-ir as /devices/platform/soc@3000000/7040000.s_cir/rc/rc0/s_cir_rx
[    1.019164] sunxi cedar version 1.1
[    1.023237] sunxi-cedar 1c0e000.ve: Adding to iommu group 0
[    1.029521] VE: sunxi_cedar_probe power-domain init!!!
[    1.035254] VE: install start!!!
[    1.035254]
[    1.040826] VE: cedar-ve the get irq is 41
[    1.040826]
[    1.047274] VE: ve_debug_proc_info:(ptrval), data:(ptrval), lock:(ptrval)
[    1.047274]
[    1.056523] VE: install end!!!
[    1.056523]
[    1.061586] VE: sunxi_cedar_probe
[    1.066838] sunxi-wdt 20500a0.watchdog: Watchdog enabled (timeout=16 sec, nowayout=0)
[    1.075981] Bluetooth: HCI UART driver ver 2.3
[    1.080967] Bluetooth: HCI UART protocol H4 registered
[    1.086694] Bluetooth: HCI UART protocol BCSP registered
[    1.092626] Bluetooth: XRadio Bluetooth LPM Mode Driver Ver 1.0.10
[    1.099840] [XR_BT_LPM] bluesleep_probe: bt_wake polarity: 1
[    1.106188] [XR_BT_LPM] bluesleep_probe: host_wake polarity: 1
[    1.112724] [XR_BT_LPM] bluesleep_probe: wakeup source is disabled!
[    1.112724]
[    1.121370] [XR_BT_LPM] bluesleep_probe: uart_index(1)
[    1.130255] sunxi-mmc 4020000.sdmmc: SD/MMC/SDIO Host Controller Driver(v4.21 2021-05-24 16:10)
[    1.140213] sunxi-mmc 4020000.sdmmc: ***ctl-spec-caps*** 8
[    1.146384] sunxi-mmc 4020000.sdmmc: No vmmc regulator found
[    1.152713] sunxi-mmc 4020000.sdmmc: No vqmmc regulator found
[    1.159131] sunxi-mmc 4020000.sdmmc: No vdmmc regulator found
[    1.165536] sunxi-mmc 4020000.sdmmc: No vd33sw regulator found
[    1.172050] sunxi-mmc 4020000.sdmmc: No vd18sw regulator found
[    1.178550] sunxi-mmc 4020000.sdmmc: No vq33sw regulator found
[    1.185061] sunxi-mmc 4020000.sdmmc: No vq18sw regulator found
[    1.192036] sunxi-mmc 4020000.sdmmc: Got CD GPIO
[    1.197453] sunxi-mmc 4020000.sdmmc: set cd-gpios as 24M fail
[    1.204129] sunxi-mmc 4020000.sdmmc: sdc set ios:clk 0Hz bm PP pm UP vdd 21 width 1 timing LEGACY(SDR12) dt B
[    1.215239] sunxi-mmc 4020000.sdmmc: no vqmmc,Check if there is regulator
[    1.235354] sunxi-mmc 4020000.sdmmc: sdc set ios:clk 400000Hz bm PP pm ON vdd 21 width 1 timing LEGACY(SDR12) dt B
[    1.259540] sunxi-mmc 4020000.sdmmc: detmode:gpio polling
[    1.265584] sunxi-mmc 4020000.sdmmc: sdc set ios:clk 400000Hz bm PP pm ON vdd 21 width 1 timing LEGACY(SDR12) dt B
[    1.269352] sunxi-mmc 4021000.sdmmc: SD/MMC/SDIO Host Controller Driver(v4.21 2021-05-24 16:10)
[    1.287125] sunxi-mmc 4021000.sdmmc: ***ctl-spec-caps*** 8
[    1.288162] sunxi-mmc 4020000.sdmmc: sdc set ios:clk 400000Hz bm PP pm ON vdd 21 width 1 timing LEGACY(SDR12) dt B
[    1.293318] sunxi-mmc 4021000.sdmmc: No vmmc regulator found
[    1.311199] sunxi-mmc 4021000.sdmmc: No vqmmc regulator found
[    1.317618] sunxi-mmc 4021000.sdmmc: No vdmmc regulator found
[    1.324060] sunxi-mmc 4020000.sdmmc: sdc set ios:clk 400000Hz bm PP pm ON vdd 21 width 1 timing LEGACY(SDR12) dt B
[    1.335634] sunxi-mmc 4021000.sdmmc: No vd33sw regulator found
[    1.336893] sunxi-mmc 4020000.sdmmc: sdc set ios:clk 400000Hz bm PP pm ON vdd 21 width 1 timing LEGACY(SDR12) dt B
[    1.342158] sunxi-mmc 4021000.sdmmc: No vd18sw regulator found
[    1.360240] sunxi-mmc 4021000.sdmmc: No vq33sw regulator found
[    1.366778] sunxi-mmc 4021000.sdmmc: No vq18sw regulator found
[    1.373332] sunxi-mmc 4021000.sdmmc: Cann't get pin bias hs pinstate,check if needed
[    1.382773] sunxi-mmc 4021000.sdmmc: sdc set ios:clk 0Hz bm PP pm UP vdd 21 width 1 timing LEGACY(SDR12) dt B
[    1.393945] sunxi-mmc 4021000.sdmmc: no vqmmc,Check if there is regulator
[    1.408055] mmc0: host does not support reading read-only switch, assuming write-enable
[    1.414105] sunxi-mmc 4021000.sdmmc: sdc set ios:clk 400000Hz bm PP pm ON vdd 21 width 1 timing LEGACY(SDR12) dt B
[    1.428554] sunxi-mmc 4020000.sdmmc: sdc set ios:clk 400000Hz bm PP pm ON vdd 21 width 1 timing SD-HS(SDR25) dt B
[    1.428644] sunxi-mmc 4020000.sdmmc: sdc set ios:clk 50000000Hz bm PP pm ON vdd 21 width 1 timing SD-HS(SDR25) dt B
[    1.451789] sunxi-mmc 4020000.sdmmc: sdc set ios:clk 50000000Hz bm PP pm ON vdd 21 width 4 timing SD-HS(SDR25) dt B
[    1.452661] sunxi-mmc 4021000.sdmmc: detmode:manually by software
[    1.463503] mmc0: new high speed SDHC card at address 0001
[    1.470998] sunxi-mmc 4021000.sdmmc: sdc set ios:clk 400000Hz bm PP pm ON vdd 21 width 1 timing LEGACY(SDR12) dt B
[    1.477579] mmcblk0: mmc0:0001 SD16G 29.5 GiB
[    1.488799] usbcore: registered new interface driver usbhid
[    1.499506] usbhid: USB HID core driver
[    1.503891] exFAT: Version 1.3.0
[    1.508755] sunxi-mmc 4021000.sdmmc: sdc set ios:clk 400000Hz bm PP pm ON vdd 21 width 1 timing LEGACY(SDR12) dt B
[    1.520038] usbcore: registered new interface driver snd-usb-audio
[    1.522164] sunxi-mmc 4021000.sdmmc: card claims to support voltages below defined range
[    1.530377] [AUDIOCODEC][sunxi_codec_parse_params][2412]:digital_vol:0, lineout_vol:26, mic1gain:31, mic2gain:31 pa_msleep:120, pa_level:1, pa_pwr_level:1
[    1.530377]
[    1.546547] sunxi-mmc 4021000.sdmmc: sdc set ios:clk 400000Hz bm PP pm ON vdd 21 width 1 timing SD-HS(SDR25) dt B
[    1.553556] [AUDIOCODEC][sunxi_codec_parse_params][2448]:adcdrc_cfg:0, adchpf_cfg:1, dacdrc_cfg:0, dachpf:0
[    1.564965] sunxi-mmc 4021000.sdmmc: sdc set ios:clk 50000000Hz bm PP pm ON vdd 21 width 1 timing SD-HS(SDR25) dt B
[    1.576241] [AUDIOCODEC][sunxi_internal_codec_probe][2609]:codec probe finished
[    1.587806] sunxi-mmc 4021000.sdmmc: sdc set ios:clk 50000000Hz bm PP pm ON vdd 21 width 4 timing SD-HS(SDR25) dt B
[    1.597153] debugfs: Directory '203034c.dummy_cpudai' with parent 'audiocodec' already present!
[    1.608734] mmc1: new high speed SDIO card at address 0001
[    1.617339] [SNDCODEC][sunxi_card_init][583]:card init finished
[    1.630047] GPT:Primary header thinks Alt. header is not at the end of the disk.
[    1.638295] GPT:626727 != 61931519
[    1.642140] GPT:Alternate GPT header not at the end of the disk.
[    1.648869] GPT:626727 != 61931519
[    1.652657] GPT: Use GNU Parted to correct GPT errors.
[    1.658449]  mmcblk0: p1 p2 p3 p4 p5
[    1.663420] sunxi-codec-machine 2030340.sound: 2030000.codec <-> 203034c.dummy_cpudai mapping ok
[    1.675870] input: audiocodec sunxi Audio Jack as /devices/platform/soc@3000000/2030340.sound/sound/card0/input3
[    1.688020] [SNDCODEC][sunxi_card_dev_probe][836]:register card finished
[    1.696381] sunxi-rpaf-dsp soc@3000000:rpaf-dsp@203034c: register device finished!
[    1.704903] [SNDCODEC][sunxi_hs_init_work][259]:resume-->report switch
[    1.708833] sunxi-rpaf-dsp soc@3000000:rpaf-dsp@203034c: [rpaf_dsp0] probe finished!
[    1.721143] rpmsg_hifi 3003000.msgbox.sunxi,dsp-msgbox.1.257: id:sunxi,dsp-msgbox new channel: 0x1 -> 0x101!
[    1.732317] rpmsg_hifi 3003000.msgbox.sunxi,dsp-msgbox.1.257: rpmsg hifi[0] client driver is probed
[    1.744215] NET: Registered protocol family 10
[    1.750223] Segment Routing with IPv6
[    1.754429] NET: Registered protocol family 17
[    1.759689] Bluetooth: RFCOMM TTY layer initialized
[    1.765145] Bluetooth: RFCOMM socket layer initialized
[    1.770950] Bluetooth: RFCOMM ver 1.11
[    1.775135] 8021q: 802.1Q VLAN Support v1.8
[    1.780473] Registering SWP/SWPB emulation handler
[    1.786201] Loading compiled-in X.509 certificates
[    1.810800] i2c i2c3: i2c3 supply twi not found, using dummy regulator
[    1.818845] i2c i2c3: probe success
[    1.827183] ------------[ cut here ]------------
[    1.832400] WARNING: CPU: 1 PID: 34 at drivers/opp/of.c:688 _of_add_opp_table_v2.part.2+0x6c/0x430
[    1.842410] Modules linked in:
[    1.845820] CPU: 1 PID: 34 Comm: kworker/1:1 Not tainted 5.4.61 #4
[    1.852705] Hardware name: Generic DT based system
[    1.858051] Workqueue: events deferred_probe_work_func
[    1.863797] [<c010e2d8>] (unwind_backtrace) from [<c010a8e4>] (show_stack+0x10/0x14)
[    1.872436] [<c010a8e4>] (show_stack) from [<c079243c>] (dump_stack+0x7c/0x98)
[    1.880494] [<c079243c>] (dump_stack) from [<c0119374>] (__warn+0xb8/0xd0)
[    1.888162] [<c0119374>] (__warn) from [<c01193fc>] (warn_slowpath_fmt+0x70/0x9c)
[    1.896511] [<c01193fc>] (warn_slowpath_fmt) from [<c052db58>] (_of_add_opp_table_v2.part.2+0x6c/0x430)
[    1.906992] [<c052db58>] (_of_add_opp_table_v2.part.2) from [<c052df74>] (dev_pm_opp_of_add_table+0x58/0x140)
[    1.918051] [<c052df74>] (dev_pm_opp_of_add_table) from [<c052e0bc>] (dev_pm_opp_of_cpumask_add_table+0x60/0xac)
[    1.929401] [<c052e0bc>] (dev_pm_opp_of_cpumask_add_table) from [<c05346c0>] (cpufreq_init+0x134/0x2b0)
[    1.939878] [<c05346c0>] (cpufreq_init) from [<c0531050>] (cpufreq_online+0x148/0x7c8)
[    1.948708] [<c0531050>] (cpufreq_online) from [<c053172c>] (cpufreq_add_dev+0x4c/0x64)
[    1.957635] [<c053172c>] (cpufreq_add_dev) from [<c03fcf40>] (subsys_interface_register+0xd0/0xe8)
[    1.967628] [<c03fcf40>] (subsys_interface_register) from [<c05305ec>] (cpufreq_register_driver+0x144/0x204)
[    1.978589] [<c05305ec>] (cpufreq_register_driver) from [<c0534560>] (dt_cpufreq_probe+0xdc/0x108)
[    1.988582] [<c0534560>] (dt_cpufreq_probe) from [<c04001f4>] (platform_drv_probe+0x48/0x94)
[    1.997994] [<c04001f4>] (platform_drv_probe) from [<c03fe6d4>] (really_probe+0x1f8/0x388)
[    2.007212] [<c03fe6d4>] (really_probe) from [<c03feafc>] (driver_probe_device+0x13c/0x158)
[    2.016526] [<c03feafc>] (driver_probe_device) from [<c03fcc90>] (bus_for_each_drv+0xa0/0xb4)
[    2.026034] [<c03fcc90>] (bus_for_each_drv) from [<c03fe924>] (__device_attach+0xc0/0x138)
[    2.035251] [<c03fe924>] (__device_attach) from [<c03fd8cc>] (bus_probe_device+0x28/0x80)
[    2.044370] [<c03fd8cc>] (bus_probe_device) from [<c03fb404>] (device_add+0x504/0x6a4)
[    2.053200] [<c03fb404>] (device_add) from [<c03ffff0>] (platform_device_add+0x70/0x1b4)
[    2.062226] [<c03ffff0>] (platform_device_add) from [<c040098c>] (platform_device_register_full+0xd4/0x108)
[    2.073091] [<c040098c>] (platform_device_register_full) from [<c0534bf4>] (sun50i_cpufreq_nvmem_probe+0x144/0x2c4)
[    2.084731] [<c0534bf4>] (sun50i_cpufreq_nvmem_probe) from [<c04001f4>] (platform_drv_probe+0x48/0x94)
[    2.095111] [<c04001f4>] (platform_drv_probe) from [<c03fe6d4>] (really_probe+0x1f8/0x388)
[    2.104328] [<c03fe6d4>] (really_probe) from [<c03feafc>] (driver_probe_device+0x13c/0x158)
[    2.113642] [<c03feafc>] (driver_probe_device) from [<c03fcc90>] (bus_for_each_drv+0xa0/0xb4)
[    2.123150] [<c03fcc90>] (bus_for_each_drv) from [<c03fe924>] (__device_attach+0xc0/0x138)
[    2.132367] [<c03fe924>] (__device_attach) from [<c03fd8cc>] (bus_probe_device+0x28/0x80)
[    2.141487] [<c03fd8cc>] (bus_probe_device) from [<c03fdff0>] (deferred_probe_work_func+0x6c/0x88)
[    2.151483] [<c03fdff0>] (deferred_probe_work_func) from [<c012f42c>] (process_one_work+0x16c/0x20c)
[    2.161672] [<c012f42c>] (process_one_work) from [<c012f4f4>] (process_scheduled_works+0x28/0x2c)
[    2.171568] [<c012f4f4>] (process_scheduled_works) from [<c012fa4c>] (worker_thread+0x244/0x2d4)
[    2.174452] random: fast init done
[    2.181370] [<c012fa4c>] (worker_thread) from [<c01341f0>] (kthread+0x118/0x124)
[    2.193390] [<c01341f0>] (kthread) from [<c01010e8>] (ret_from_fork+0x14/0x2c)
[    2.201439] Exception stack(0xc7183fb0 to 0xc7183ff8)
[    2.207070] 3fa0:                                     00000000 00000000 00000000 00000000
[    2.216188] 3fc0: 00000000 00000000 00000000 00000000 00000000 00000000 00000000 00000000
[    2.225304] 3fe0: 00000000 00000000 00000000 00000000 00000013 00000000
[    2.232725] ---[ end trace e7f37238d459df20 ]---
[    2.238211] ------------[ cut here ]------------
[    2.243410] WARNING: CPU: 1 PID: 34 at drivers/opp/of.c:688 _of_add_opp_table_v2.part.2+0x6c/0x430
[    2.253413] Modules linked in:
[    2.256823] CPU: 1 PID: 34 Comm: kworker/1:1 Tainted: G        W         5.4.61 #4
[    2.265258] Hardware name: Generic DT based system
[    2.270603] Workqueue: events deferred_probe_work_func
[    2.276346] [<c010e2d8>] (unwind_backtrace) from [<c010a8e4>] (show_stack+0x10/0x14)
[    2.284984] [<c010a8e4>] (show_stack) from [<c079243c>] (dump_stack+0x7c/0x98)
[    2.293041] [<c079243c>] (dump_stack) from [<c0119374>] (__warn+0xb8/0xd0)
[    2.300710] [<c0119374>] (__warn) from [<c01193fc>] (warn_slowpath_fmt+0x70/0x9c)
[    2.309057] [<c01193fc>] (warn_slowpath_fmt) from [<c052db58>] (_of_add_opp_table_v2.part.2+0x6c/0x430)
[    2.319537] [<c052db58>] (_of_add_opp_table_v2.part.2) from [<c052df74>] (dev_pm_opp_of_add_table+0x58/0x140)
[    2.330596] [<c052df74>] (dev_pm_opp_of_add_table) from [<c052e0bc>] (dev_pm_opp_of_cpumask_add_table+0x60/0xac)
[    2.341946] [<c052e0bc>] (dev_pm_opp_of_cpumask_add_table) from [<c05346c0>] (cpufreq_init+0x134/0x2b0)
[    2.352423] [<c05346c0>] (cpufreq_init) from [<c0531050>] (cpufreq_online+0x148/0x7c8)
[    2.361252] [<c0531050>] (cpufreq_online) from [<c053172c>] (cpufreq_add_dev+0x4c/0x64)
[    2.370178] [<c053172c>] (cpufreq_add_dev) from [<c03fcf40>] (subsys_interface_register+0xd0/0xe8)
[    2.380171] [<c03fcf40>] (subsys_interface_register) from [<c05305ec>] (cpufreq_register_driver+0x144/0x204)
[    2.391132] [<c05305ec>] (cpufreq_register_driver) from [<c0534560>] (dt_cpufreq_probe+0xdc/0x108)
[    2.401126] [<c0534560>] (dt_cpufreq_probe) from [<c04001f4>] (platform_drv_probe+0x48/0x94)
[    2.410537] [<c04001f4>] (platform_drv_probe) from [<c03fe6d4>] (really_probe+0x1f8/0x388)
[    2.419755] [<c03fe6d4>] (really_probe) from [<c03feafc>] (driver_probe_device+0x13c/0x158)
[    2.429069] [<c03feafc>] (driver_probe_device) from [<c03fcc90>] (bus_for_each_drv+0xa0/0xb4)
[    2.438577] [<c03fcc90>] (bus_for_each_drv) from [<c03fe924>] (__device_attach+0xc0/0x138)
[    2.447793] [<c03fe924>] (__device_attach) from [<c03fd8cc>] (bus_probe_device+0x28/0x80)
[    2.456913] [<c03fd8cc>] (bus_probe_device) from [<c03fb404>] (device_add+0x504/0x6a4)
[    2.465743] [<c03fb404>] (device_add) from [<c03ffff0>] (platform_device_add+0x70/0x1b4)
[    2.474768] [<c03ffff0>] (platform_device_add) from [<c040098c>] (platform_device_register_full+0xd4/0x108)
[    2.485634] [<c040098c>] (platform_device_register_full) from [<c0534bf4>] (sun50i_cpufreq_nvmem_probe+0x144/0x2c4)
[    2.497274] [<c0534bf4>] (sun50i_cpufreq_nvmem_probe) from [<c04001f4>] (platform_drv_probe+0x48/0x94)
[    2.507654] [<c04001f4>] (platform_drv_probe) from [<c03fe6d4>] (really_probe+0x1f8/0x388)
[    2.516871] [<c03fe6d4>] (really_probe) from [<c03feafc>] (driver_probe_device+0x13c/0x158)
[    2.526185] [<c03feafc>] (driver_probe_device) from [<c03fcc90>] (bus_for_each_drv+0xa0/0xb4)
[    2.535693] [<c03fcc90>] (bus_for_each_drv) from [<c03fe924>] (__device_attach+0xc0/0x138)
[    2.544910] [<c03fe924>] (__device_attach) from [<c03fd8cc>] (bus_probe_device+0x28/0x80)
[    2.554030] [<c03fd8cc>] (bus_probe_device) from [<c03fdff0>] (deferred_probe_work_func+0x6c/0x88)
[    2.564025] [<c03fdff0>] (deferred_probe_work_func) from [<c012f42c>] (process_one_work+0x16c/0x20c)
[    2.574213] [<c012f42c>] (process_one_work) from [<c012f4f4>] (process_scheduled_works+0x28/0x2c)
[    2.584110] [<c012f4f4>] (process_scheduled_works) from [<c012fa4c>] (worker_thread+0x244/0x2d4)
[    2.593909] [<c012fa4c>] (worker_thread) from [<c01341f0>] (kthread+0x118/0x124)
[    2.602158] [<c01341f0>] (kthread) from [<c01010e8>] (ret_from_fork+0x14/0x2c)
[    2.610207] Exception stack(0xc7183fb0 to 0xc7183ff8)
[    2.615838] 3fa0:                                     00000000 00000000 00000000 00000000
[    2.624956] 3fc0: 00000000 00000000 00000000 00000000 00000000 00000000 00000000 00000000
[    2.634072] 3fe0: 00000000 00000000 00000000 00000000 00000013 00000000
[    2.641492] ---[ end trace e7f37238d459df21 ]---
[    2.647787] get ehci0-controller wakeup-source is fail.
[    2.653789] sunxi ehci0-controller don't init wakeup source
[    2.660034] [sunxi-ehci0]: probe, pdev->name: 4101000.ehci0-controller, sunxi_ehci: 0xc0c797b0, 0x:c886d000, irq_no:3a
[    2.671974] [sunxi-ehci0]: Not init ehci0
[    2.676866] get ohci0-controller wakeup-source is fail.
[    2.682851] sunxi ohci0-controller don't init wakeup source
[    2.689093] [sunxi-ohci0]: probe, pdev->name: 4101400.ohci0-controller, sunxi_ohci: 0xc0c79a40
[    2.698710] [sunxi-ohci0]: Not init ohci0
[    2.703584] get ehci1-controller wakeup-source is fail.
[    2.709549] sunxi ehci1-controller don't init wakeup source
[    2.715766] [sunxi-ehci1]: probe, pdev->name: 4200000.ehci1-controller, sunxi_ehci: 0xc0c79cd0, 0x:c8877000, irq_no:3c
[    2.727975] sunxi-ehci 4200000.ehci1-controller: 4200000.ehci1-controller supply hci not found, using dummy regulator
[    2.741444] sunxi-ehci 4200000.ehci1-controller: EHCI Host Controller
[    2.748707] sunxi-ehci 4200000.ehci1-controller: new USB bus registered, assigned bus number 1
[    2.758593] sunxi-ehci 4200000.ehci1-controller: irq 60, io mem 0x04200000
[    2.788707] sunxi-ehci 4200000.ehci1-controller: USB 2.0 started, EHCI 1.00
[    2.797458] hub 1-0:1.0: USB hub found
[    2.801720] hub 1-0:1.0: 1 port detected
[    2.807039] get ohci1-controller wakeup-source is fail.
[    2.813024] sunxi ohci1-controller don't init wakeup source
[    2.819257] [sunxi-ohci1]: probe, pdev->name: 4200400.ohci1-controller, sunxi_ohci: 0xc0c79f60
[    2.829150] sunxi-ohci 4200400.ohci1-controller: 4200400.ohci1-controller supply hci not found, using dummy regulator
[    2.841467] sunxi-ohci 4200400.ohci1-controller: OHCI Host Controller
[    2.848711] sunxi-ohci 4200400.ohci1-controller: new USB bus registered, assigned bus number 2
[    2.858573] sunxi-ohci 4200400.ohci1-controller: irq 61, io mem 0x04200400
[    2.933663] hub 2-0:1.0: USB hub found
[    2.937896] hub 2-0:1.0: 1 port detected
[    2.945069] sun8iw20-pinctrl pio: pin PB6 already requested by 2502c00.twi; cannot claim for pio:38
[    2.955223] sun8iw20-pinctrl pio: pin-38 (pio:38) status -22
[    2.961558] ERR: id gpio_request failed
[    2.968542] cfg80211: Loading compiled-in X.509 certificates for regulatory database
[    2.980062] cfg80211: Loaded X.509 cert 'sforshee: 00b28ddf47aef9cea7'
[    2.987478] platform regulatory.0: Direct firmware load for regulatory.db failed with error -2
[    2.988800] clk: Not disabling unused clocks
[    2.997104] cfg80211: failed to load regulatory.db
[    3.001895] ALSA device list:
[    3.010683]   #0: audiocodec
[    3.013906] alloc_fd: slot 0 not NULL!
[    3.020937] EXT4-fs (mmcblk0p5): INFO: recovery required on readonly filesystem
[    3.029156] EXT4-fs (mmcblk0p5): write access will be enabled during recovery
[    3.118650] EXT4-fs (mmcblk0p5): recovery complete
[    3.126190] EXT4-fs (mmcblk0p5): mounted filesystem with ordered data mode. Opts: (null)
[    3.135323] VFS: Mounted root (ext4 filesystem) readonly on device 179:5.
[    3.143943] devtmpfs: mounted
[    3.149238] Freeing unused kernel memory: 1024K
[    3.158897] Run /sbin/init as init process
[    3.331504] EXT4-fs (mmcblk0p5): re-mounted. Opts: (null)
Starting syslogd: OK
Starting klogd: OK
Running sysctl: OK
Populating /dev using udev: [    3.728840] udevd[1077]: starting version 3.2.11
[    3.756100] random: udevd: uninitialized urandom read (16 bytes read)
[    3.765047] random: udevd: uninitialized urandom read (16 bytes read)
[    3.772407] random: udevd: uninitialized urandom read (16 bytes read)
[    3.805464] udevd[1078]: starting eudev-3.2.11
[    4.301681] 8189fs: loading out-of-tree module taints kernel.
[    4.312228] 8189fs: module uses symbol (kernel_read) from namespace VFS_internal_I_am_really_a_filesystem_and_am_NOT_a_driver, but does not import it.
[    4.327440] 8189fs: Unknown symbol kernel_read (err -22)
done
Initializing random number generator: OK
Saving random seed: OK
Starting system message bus: done
Starting iptables: OK
Starting network: OK
Starting swupdate: OK

Welcome to MangoPi Dual
mangopi login: root
```